Bin name	plugins/MaxBin/example/1.sam	plugins/MaxBin/example/3.sam
output.001.fasta	0.00	0.00
output.002.fasta	0.00	0.00
output.003.fasta	0.00	0.00
output.004.fasta	0.00	0.00
output.005.fasta	0.00	0.00
output.006.fasta	0.00	0.00
output.007.fasta	0.00	0.00
output.008.fasta	0.00	0.00
output.009.fasta	0.00	0.00
output.010.fasta	0.00	0.00
output.011.fasta	0.00	0.00
output.012.fasta	0.00	0.00
output.013.fasta	0.00	0.00
output.014.fasta	0.00	0.00
output.015.fasta	0.00	0.00
output.016.fasta	0.00	0.00
output.017.fasta	0.00	0.00
output.018.fasta	0.00	0.00
output.019.fasta	0.00	0.00
output.020.fasta	0.00	0.00
output.021.fasta	0.00	0.00
