Bin name	Completeness	Genome size	GC content
output.001.fasta	99.1%	4030681	45.3
output.002.fasta	90.7%	4855788	45.9
output.003.fasta	98.1%	3334339	66.8
output.004.fasta	89.7%	4219412	63.5
output.005.fasta	62.6%	5319426	52.6
output.006.fasta	94.4%	3550196	38.9
output.007.fasta	100.0%	4770921	62.6
output.008.fasta	98.1%	5571431	44.8
output.009.fasta	97.2%	3248170	53.8
output.010.fasta	95.3%	3586130	62.7
output.011.fasta	99.1%	3901118	61.3
output.012.fasta	100.0%	1855816	38.4
output.013.fasta	99.1%	3302621	28.3
output.014.fasta	46.7%	5314998	49.6
output.015.fasta	94.4%	4343998	53.8
output.016.fasta	93.5%	2148842	38.8
output.017.fasta	13.1%	1588798	50.7
output.018.fasta	62.6%	1928584	64.7
output.019.fasta	99.1%	4815630	60.4
output.020.fasta	18.7%	2430098	66.0
output.021.fasta	12.1%	1656514	61.4
