	Total marker	Unique marker	PGK	Ribosomal_L23	Ribosomal_L5	Ribosomal_L3	Ribosomal_L6	Ribosomal_S17	Ribosomal_S9	Ribosomal_S8	Ribosomal_S11	Ribosomal_S13	Ribosomal_L10	Ribosomal_L4	tRNA-synt_1d	GrpE	Methyltransf_5	TIGR00001	TIGR00002	TIGR00009	TIGR00012	TIGR00019	TIGR00029	TIGR00043	TIGR00059	TIGR00060	TIGR00061	TIGR00062	TIGR00064	TIGR00082	TIGR00086	TIGR00092	TIGR00115	TIGR00116	TIGR00152	TIGR00158	TIGR00165	TIGR00166	TIGR00168	TIGR00234	TIGR00337	TIGR00344	TIGR00362	TIGR00389	TIGR00392	TIGR00396	TIGR00409	TIGR00414	TIGR00418	TIGR00420	TIGR00422	TIGR00435	TIGR00436	TIGR00442	TIGR00459	TIGR00460	TIGR00468	TIGR00472	TIGR00487	TIGR00496	TIGR00575	TIGR00631	TIGR00663	TIGR00755	TIGR00810	TIGR00855	TIGR00922	TIGR00952	TIGR00959	TIGR00963	TIGR00964	TIGR00967	TIGR00981	TIGR01009	TIGR01011	TIGR01017	TIGR01021	TIGR01024	TIGR01029	TIGR01030	TIGR01031	TIGR01032	TIGR01044	TIGR01049	TIGR01050	TIGR01059	TIGR01063	TIGR01066	TIGR01067	TIGR01071	TIGR01079	TIGR01164	TIGR01169	TIGR01171	TIGR01391	TIGR01393	TIGR01632	TIGR01953	TIGR02012	TIGR02013	TIGR02027	TIGR02191	TIGR02350	TIGR02387	TIGR02397	TIGR02432	TIGR02729	TIGR03263	TIGR03594
output.001.fasta	113	106	1	1	1	1	2	1	1	1	1	1	1	1	1	1	2	1	2	1	1	1	1	1	1	1	1	1	1	1	1	1	1	1	1	1	1	1	1	1	1	1	1	1	1	1		1	1	1	1	1	1	1	1	1	1	1	1	1	2	1	1	1	1	1	1	1	2	1	1	1	1	1	1	2	1	2	1	1	1	1	1	1	1	1	1	1	1	1	1	1	1	1	1	1	1	1	1	1	1	1	1	1	1	1	1	1	1	
output.002.fasta	135	97	1	2	2	2	4	2	2	2	2	2	2	2	1	1	2	1	1		2	1	1	1	2	2	1	1	1	1	1	1	1		1	1			1	1	1	1		1	2	1	1	1	1	1	1	1	1	1	1	1	1	1	1	1	1	1		1	1	2	1	1	1	1	1	2	2	2	1	2	2	1	2			1	2	2	2			2	2	2	2	2	1	2	1	1	1	1	1	2	2	1	2	2	1	1	1	1	1	
output.003.fasta	143	105	1	2	2	2	4	2	1	2	2	2	2	2	1	1	1	1	1	1	2	1	1	1	2	2	1	1	1		1	1	1	1	1	1	1	1	1	1	1	1	1	1	1	1	1	1	1	1	1	2	1	1	1	1		1	1	1	1	1	1	1	1	2	2	1	1	1	2	2	2	2	1	2	2	1	2	1	1	1	2	2	2	1	1	1	2	2	2	2	2	2	1	1	2	1	1	2	2	1	1	2	1	1	1	1	1	
output.004.fasta	111	96	1	1	1	1	2	1	1	1	1	1		1	2	1	1	1	1	1	1	1	1	1	1	1	1	1	1	2	1	1	1	1	1	1	1	1	1	1	1	1	2	1	1	2	1	1	2	1	1	1	2	1	1	1	1	1	2	1	1	1		1	1			2	1	1		1		1	1	1	1	1		2	1	1	1	1	1	2	2	1	1	1	1	1		1	1	2		2	1		1	2	1		1	1	1	1	1	
output.005.fasta	101	67	2			1			1				1	1		1	2		1	1			1	3			1	1	2	1			1	2	2						1	2	1	1	1	2	3	1		1		2	2	2	1				1	3	1	2	2	3	1	1	1	1	1	2	1		1		1				1	1	1			1		1	3	2					1		2	2	1	1		1		2	2	2	2	3	1	2	2	
output.006.fasta	108	101	1	1	1	1	2	1	1	1	1	1	1	1	1	1	1		1		1	1	1	1		1	1	1	1	1	1	1	1		1	1	2	2	1	1	1	1	2	1	1	1	1	1	1	1	1	1	1	1	1	1	1	1	1	1	1	1	2	1	1	1	1	1	1	1	1	1	1	1	1	1	1	1	1			1	1	1	1	2	2	1	1	1	1	1	1	1	1	1	1	1	1	1	1	1	1	1	1	1	1	1	1	
output.007.fasta	109	107	1	1	1	1	2	1	1	1	1	1	1	1	1	1	1	1	1	1	1	1	1	1	1	1	1	1	1	1	1	1	1	1	1	1	1	1	1	1	1	1	1	1	1	1	1	1	1	1	1	1	1	1	1	1	1	1	1	1	1	1	1	1	1	1	1	1	1	1	1	1	1	1	1	1	1	1	1	1	1	1	1	1	1	1	1	1	1	1	1	1	1	1	1	1	1	1	1	1	1	1	1	1	2	1	1	1	1	
output.008.fasta	106	105	1	1	1	1	2	1	1	1	1	1	1	1	1	1	1	1	1	1	1	1	1	1	1	1	1	1	1	1	1	1	1	1	1	1	1	1	1	1	1	1	1	1	1	1	1	1	1	1	1	1	1	1	1	1	1	1	1	1	1	1	1	1	1	1	1	1	1		1	1	1	1	1	1	1	1	1		1	1	1	1	1	1	1	1	1	1	1	1	1	1	1	1	1	1	1	1	1	1	1	1	1	1	1	1	1	
output.009.fasta	105	104	1	1	1	1	2	1	1	1	1	1	1	1	1	1	1	1	1	1		1	1	1	1	1	1	1	1	1		1	1	1	1	1	1	1	1	1	1	1	1	1	1	1	1	1	1	1	1	1	1	1	1	1	1	1	1	1	1	1	1	1	1	1	1	1	1	1		1	1	1	1	1	1	1	1	1	1	1	1	1	1	1	1	1	1	1	1	1	1	1	1	1	1	1	1	1	1	1	1	1	1	1	1	1	1	
output.010.fasta	104	102	1	1	1	1	2	1	1	1	1	1		1	1	1	1	1	1	1	1	1	1	1	1	1	1	1	1	1	1	1	1		1	1	1	1	1	1	1	1	1	2	1	1	1	1	1	1	1	1	1	1	1	1	1	1	1	1	1	1	1	1	1		1	1	1	1	1	1	1	1	1	1	1	1	1	1	1	1	1	1	1	1	1	1	1	1	1	1	1	1	1	1	1	1	1	1	1		1		1	1	1	1	1	
output.011.fasta	108	106	1	1	1	1	2	1	1	1	1	1	1	1	1	1	1	1	1	1	1	1	1	1	1	1	1	1	1	1	1	1	1	1	1	1	1	1	1	1	1	1	1	1	1	1	1	1	1	1	1	1	1	1	1	1	1	1	1	1	1	1	1	1	1	1	1	1	1	1	1	1	1	1	1	1	1	1	1		1	1	1	1	1	1	2	1	1	1	1	1	1	1	1	1	1	1	1	1	1	1	1	1	1	1	1	1	1	
output.012.fasta	108	107	1	1	1	1	2	1	1	1	1	1	1	1	1	1	1	1	1	1	1	1	1	1	1	1	1	1	1	1	1	1	1	1	1	1	1	1	1	1	1	1	1	1	1	1	1	1	1	1	1	1	1	1	1	1	1	1	1	1	1	1	1	1	1	1	1	1	1	1	1	1	1	1	1	1	1	1	1	1	1	1	1	1	1	1	1	1	1	1	1	1	1	1	1	1	1	1	1	1	1	1	1	1	1	1	1	1	1	
output.013.fasta	110	106	1	1	1	1	2	1	1	1	1	1	1	1	1	2	1	1	1	1		1	1	1	1	1	1	1	1	1	1	1	1	1	1	1	1	1	1	1	1	1	1	1	1	1	1	1	1	1	1	1	1	1	1	2	1	1	1	1	1	1	1	1	1	1	1	1	1	1	1	1	1	1	1	2	1	1	1	1	1	1	1	1	1	1	1	1	1	1	1	1	1	1	1	1	1	1	1	1	1	1	1	1	1	1	1	1	1	
output.014.fasta	64	50							2				1		1	2	1		1			1			1		1	1		1	2	2	2		1	1	1	1	2	2	1	1				1		1	3	2	2				1	2	1	2	1		1				1	1	1	1	1		1		1					2			1	1						1					1		1		1	1	1									1		
output.015.fasta	105	101	1	1	1	1	2	1	1	1	1	1	1	1	2	1	1	1	1	1	1	1	1		1	1	1	1	1	1	2	1	1		1	1	1		1	1	1	1	1	1	1	1	1	1	1	1	1	1		1	1		1	1	1	1	1	1	1		1	1	1	1	1	1	1	1	1	1	1	1	1	1	1	1	1	1	1	1	1	1	1	1	1	1	1	1	1	1	1	1	1	1	1	2	1	1	1	1	1	1	1	1	1	
output.016.fasta	103	100	1	1	1	1	2	1	1	1	1	1	1	1	1	1	1	1	1	1	1	2	1	1	1	1	1		1	1	1				1	1	1	1	1	1	1	1	1	1	1	1	1	1	1	1	1	1	1	1	1	1	1	1	2	1	1	1	1	1	1	1	1	1	1		1	1	1	1	1	1	1	1	1		1	1	1	1	1	1	1	1	1	1	1	1	1	1	1	1	1	1	1	1	1	1	1		1	1	1	1	1	
output.017.fasta	14	14							1							1	1																1								1						1						1			1	1	1			1																											1															1						1	
output.018.fasta	68	67	1						1						1	1	1	1	1	1		1	1	1			1	1	1	1		1	1	1	1	1	1	1	1	1	1	1		1	1	1	1	1	1		1		1	1	1	1	1	1	1	1	1	1	1	1	1			1	1	2					1			1			1	1				1	1	1							1	1		1	1			1	1		1	1	1	1	1	
output.019.fasta	118	106	1	1	1	1	2	1	1	1	1	1	2	1	1	1	1	1	1	1	1	1	1	1	1	1	1	1	1	1	1	1	1		1	1	1	1	1	1	1	1	1	1	1	1	1	1	1	1	1	1	1	1	1	1	1	1	1	1	1	1	1	1	1	2	2	1	1	1	2	1	2	1	1	2	1	1	2	1	1	1	1	1	1	1	1	1	1	1	1	1	2	1	1	1	2	1	1	2	1	1	1	2	1	1	1	1	1	
output.020.fasta	20	20	1						1		1	1	1		1														1												1	1		1	1		1	1	1		1	1		1							1	1		1																																														
output.021.fasta	16	13							1		1	1			2																									1	1					1			1			1					1	1																												2	2																							
