scaffold-0	0
scaffold-1	0
scaffold-10	0
scaffold-1002	0
scaffold-1007	0
scaffold-1009	0
scaffold-1018	0
scaffold-1023	0
scaffold-1035	0
scaffold-1041	0
scaffold-1056	0
scaffold-1059	0
scaffold-1062	0
scaffold-1065	0
scaffold-1068	0
scaffold-1082	0
scaffold-1086	0
scaffold-1099	0
scaffold-11	0
scaffold-1112	0
scaffold-1113	0
scaffold-1122	0
scaffold-1127	0
scaffold-1135	0
scaffold-1140	0
scaffold-1141	0
scaffold-1154	0
scaffold-1165	0
scaffold-1182	0
scaffold-1184	0
scaffold-1190	0
scaffold-1195	0
scaffold-1197	0
scaffold-1198	0
scaffold-12	0
scaffold-1202	0
scaffold-1204	0
scaffold-1212	0
scaffold-1217	0
scaffold-1223	0
scaffold-1231	0
scaffold-1237	0
scaffold-1241	0
scaffold-1244	0
scaffold-1249	0
scaffold-1250	0
scaffold-1251	0
scaffold-1254	0
scaffold-1257	0
scaffold-1261	0
scaffold-1265	0
scaffold-1269	0
scaffold-1270	0
scaffold-1275	0
scaffold-1280	0
scaffold-1288	0
scaffold-1290	0
scaffold-13	0
scaffold-1310	0
scaffold-1312	0
scaffold-1320	0
scaffold-1333	0
scaffold-1336	0
scaffold-1337	0
scaffold-1338	0
scaffold-1340	0
scaffold-1344	0
scaffold-1351	0
scaffold-1354	0
scaffold-1359	0
scaffold-1362	0
scaffold-1364	0
scaffold-1375	0
scaffold-1383	0
scaffold-1395	0
scaffold-1398	0
scaffold-14	0
scaffold-1414	0
scaffold-1416	0
scaffold-1419	0
scaffold-1422	0
scaffold-1428	0
scaffold-1429	0
scaffold-1430	0
scaffold-1431	0
scaffold-1432	0
scaffold-1434	0
scaffold-1442	0
scaffold-1444	0
scaffold-145	0
scaffold-1451	0
scaffold-1455	0
scaffold-1462	0
scaffold-1467	0
scaffold-1471	0
scaffold-1477	0
scaffold-1484	0
scaffold-1486	0
scaffold-1492	0
scaffold-15	0
scaffold-1501	0
scaffold-1503	0
scaffold-1513	0
scaffold-1535	0
scaffold-1537	0
scaffold-1544	0
scaffold-1557	0
scaffold-1562	0
scaffold-157	0
scaffold-1571	0
scaffold-1578	0
scaffold-1580	0
scaffold-1592	0
scaffold-1595	0
scaffold-1597	0
scaffold-16	0
scaffold-1601	0
scaffold-1608	0
scaffold-1612	0
scaffold-1628	0
scaffold-1631	0
scaffold-1632	0
scaffold-1635	0
scaffold-164	0
scaffold-1643	0
scaffold-1652	0
scaffold-1656	0
scaffold-1659	0
scaffold-166	0
scaffold-1665	0
scaffold-1667	0
scaffold-1668	0
scaffold-1672	0
scaffold-1674	0
scaffold-1676	0
scaffold-1687	0
scaffold-1693	0
scaffold-1694	0
scaffold-1696	0
scaffold-17	0
scaffold-1701	0
scaffold-1710	0
scaffold-1711	0
scaffold-1718	0
scaffold-1719	0
scaffold-172	0
scaffold-1720	0
scaffold-1721	0
scaffold-1727	0
scaffold-1730	0
scaffold-1734	0
scaffold-1735	0
scaffold-1745	0
scaffold-1748	0
scaffold-1751	0
scaffold-1753	0
scaffold-1757	0
scaffold-1758	0
scaffold-176	0
scaffold-1760	0
scaffold-1761	0
scaffold-1763	0
scaffold-1764	0
scaffold-1766	0
scaffold-1767	0
scaffold-1774	0
scaffold-1777	0
scaffold-1779	0
scaffold-1785	0
scaffold-1790	0
scaffold-1798	0
scaffold-18	0
scaffold-1802	0
scaffold-1810	0
scaffold-1812	0
scaffold-1818	0
scaffold-1824	0
scaffold-183	0
scaffold-1831	0
scaffold-1832	0
scaffold-1834	0
scaffold-1836	0
scaffold-184	0
scaffold-1841	0
scaffold-1842	0
scaffold-1843	0
scaffold-1845	0
scaffold-1846	0
scaffold-186	0
scaffold-1860	0
scaffold-1861	0
scaffold-1862	0
scaffold-1867	0
scaffold-187	0
scaffold-1871	0
scaffold-1874	0
scaffold-188	0
scaffold-1881	0
scaffold-1883	0
scaffold-19	0
scaffold-1900	0
scaffold-1902	0
scaffold-1907	0
scaffold-1909	0
scaffold-1915	0
scaffold-1923	0
scaffold-1930	0
scaffold-1932	0
scaffold-1939	0
scaffold-194	0
scaffold-1940	0
scaffold-1943	0
scaffold-195	0
scaffold-1954	0
scaffold-1956	0
scaffold-1957	0
scaffold-196	0
scaffold-1961	0
scaffold-1964	0
scaffold-1975	0
scaffold-1984	0
scaffold-199	0
scaffold-1991	0
scaffold-1995	0
scaffold-1996	0
scaffold-1998	0
scaffold-2	0
scaffold-20	0
scaffold-2006	0
scaffold-201	0
scaffold-202	0
scaffold-2025	0
scaffold-2030	0
scaffold-2037	0
scaffold-2039	0
scaffold-2042	0
scaffold-2046	0
scaffold-2050	0
scaffold-2052	0
scaffold-207	0
scaffold-2079	0
scaffold-208	0
scaffold-2081	0
scaffold-2082	0
scaffold-2083	0
scaffold-2090	0
scaffold-2091	0
scaffold-2092	0
scaffold-2096	0
scaffold-21	0
scaffold-2100	0
scaffold-2107	0
scaffold-2111	0
scaffold-2114	0
scaffold-2117	0
scaffold-2119	0
scaffold-212	0
scaffold-2124	0
scaffold-2130	0
scaffold-2134	0
scaffold-2137	0
scaffold-2138	0
scaffold-2146	0
scaffold-2149	0
scaffold-2154	0
scaffold-2156	0
scaffold-2162	0
scaffold-2165	0
scaffold-218	0
scaffold-2185	0
scaffold-2187	0
scaffold-219	0
scaffold-2191	0
scaffold-2194	0
scaffold-2197	0
scaffold-2198	0
scaffold-22	0
scaffold-2200	0
scaffold-2202	0
scaffold-2203	0
scaffold-2206	0
scaffold-2207	0
scaffold-2209	0
scaffold-2211	0
scaffold-2212	0
scaffold-2214	0
scaffold-2221	0
scaffold-2231	0
scaffold-2238	0
scaffold-2246	0
scaffold-2247	0
scaffold-2254	0
scaffold-2257	0
scaffold-2262	0
scaffold-2267	0
scaffold-2291	0
scaffold-2298	0
scaffold-23	0
scaffold-2302	0
scaffold-2303	0
scaffold-2305	0
scaffold-2307	0
scaffold-2309	0
scaffold-2310	0
scaffold-2312	0
scaffold-2316	0
scaffold-2318	0
scaffold-2319	0
scaffold-2321	0
scaffold-2326	0
scaffold-2327	0
scaffold-2329	0
scaffold-2332	0
scaffold-2333	0
scaffold-2336	0
scaffold-2337	0
scaffold-2342	0
scaffold-2354	0
scaffold-2363	0
scaffold-237	0
scaffold-2370	0
scaffold-2378	0
scaffold-238	0
scaffold-239	0
scaffold-24	0
scaffold-240	0
scaffold-2402	0
scaffold-241	0
scaffold-2413	0
scaffold-2415	0
scaffold-2417	0
scaffold-242	0
scaffold-2427	0
scaffold-2428	0
scaffold-243	0
scaffold-2433	0
scaffold-2434	0
scaffold-2436	0
scaffold-2437	0
scaffold-2438	0
scaffold-244	0
scaffold-2444	0
scaffold-2446	0
scaffold-2451	0
scaffold-2456	0
scaffold-2459	0
scaffold-2462	0
scaffold-2463	0
scaffold-2468	0
scaffold-2475	0
scaffold-2476	0
scaffold-248	0
scaffold-2482	0
scaffold-2489	0
scaffold-249	0
scaffold-2491	0
scaffold-2492	0
scaffold-2496	0
scaffold-2498	0
scaffold-25	0
scaffold-2500	0
scaffold-2502	0
scaffold-2507	0
scaffold-2508	0
scaffold-2510	0
scaffold-2519	0
scaffold-2520	0
scaffold-2523	0
scaffold-2529	0
scaffold-2537	0
scaffold-254	0
scaffold-2559	0
scaffold-256	0
scaffold-2560	0
scaffold-2562	0
scaffold-2564	0
scaffold-2570	0
scaffold-2574	0
scaffold-2585	0
scaffold-2586	0
scaffold-2587	0
scaffold-2588	0
scaffold-2591	0
scaffold-2597	0
scaffold-2599	0
scaffold-26	0
scaffold-260	0
scaffold-2600	0
scaffold-2603	0
scaffold-2611	0
scaffold-2614	0
scaffold-2616	0
scaffold-2619	0
scaffold-2621	0
scaffold-2624	0
scaffold-2625	0
scaffold-2626	0
scaffold-2627	0
scaffold-2629	0
scaffold-2631	0
scaffold-2632	0
scaffold-2637	0
scaffold-2641	0
scaffold-2649	0
scaffold-2653	0
scaffold-266	0
scaffold-2665	0
scaffold-267	0
scaffold-2670	0
scaffold-2671	0
scaffold-2673	0
scaffold-2674	0
scaffold-2691	0
scaffold-2694	0
scaffold-27	0
scaffold-2700	0
scaffold-2704	0
scaffold-2712	0
scaffold-2718	0
scaffold-2723	0
scaffold-2724	0
scaffold-2725	0
scaffold-2726	0
scaffold-2727	0
scaffold-2728	0
scaffold-2730	0
scaffold-2732	0
scaffold-2734	0
scaffold-2735	0
scaffold-2737	0
scaffold-2738	0
scaffold-274	0
scaffold-2744	0
scaffold-2746	0
scaffold-275	0
scaffold-276	0
scaffold-2761	0
scaffold-2764	0
scaffold-2765	0
scaffold-2767	0
scaffold-2770	0
scaffold-2777	0
scaffold-2780	0
scaffold-2785	0
scaffold-2787	0
scaffold-2788	0
scaffold-2793	0
scaffold-2794	0
scaffold-28	0
scaffold-2802	0
scaffold-2806	0
scaffold-2812	0
scaffold-2819	0
scaffold-282	0
scaffold-2830	0
scaffold-2838	0
scaffold-2849	0
scaffold-2850	0
scaffold-2851	0
scaffold-2855	0
scaffold-2859	0
scaffold-2870	0
scaffold-2877	0
scaffold-29	0
scaffold-2902	0
scaffold-2923	0
scaffold-2924	0
scaffold-2931	0
scaffold-2933	0
scaffold-2943	0
scaffold-2948	0
scaffold-2949	0
scaffold-295	0
scaffold-2950	0
scaffold-2953	0
scaffold-2958	0
scaffold-2959	0
scaffold-2961	0
scaffold-2967	0
scaffold-2971	0
scaffold-2973	0
scaffold-2978	0
scaffold-2991	0
scaffold-3	0
scaffold-30	0
scaffold-3006	0
scaffold-3015	0
scaffold-3016	0
scaffold-3020	0
scaffold-3022	0
scaffold-3027	0
scaffold-3028	0
scaffold-3029	0
scaffold-303	0
scaffold-3030	0
scaffold-3031	0
scaffold-3034	0
scaffold-3035	0
scaffold-3037	0
scaffold-3038	0
scaffold-3039	0
scaffold-3040	0
scaffold-3041	0
scaffold-3043	0
scaffold-3048	0
scaffold-305	0
scaffold-3050	0
scaffold-3054	0
scaffold-306	0
scaffold-3060	0
scaffold-3061	0
scaffold-3062	0
scaffold-3064	0
scaffold-3065	0
scaffold-3071	0
scaffold-3075	0
scaffold-3079	0
scaffold-309	0
scaffold-3092	0
scaffold-31	0
scaffold-310	0
scaffold-3102	0
scaffold-3105	0
scaffold-3110	0
scaffold-3133	0
scaffold-3143	0
scaffold-3144	0
scaffold-3145	0
scaffold-3146	0
scaffold-3148	0
scaffold-3152	0
scaffold-3153	0
scaffold-3158	0
scaffold-3160	0
scaffold-3162	0
scaffold-3163	0
scaffold-3164	0
scaffold-3187	0
scaffold-3189	0
scaffold-3190	0
scaffold-3193	0
scaffold-3194	0
scaffold-32	0
scaffold-320	0
scaffold-3200	0
scaffold-3201	0
scaffold-3206	0
scaffold-3207	0
scaffold-3209	0
scaffold-3211	0
scaffold-3214	0
scaffold-3215	0
scaffold-3221	0
scaffold-3225	0
scaffold-3228	0
scaffold-3229	0
scaffold-323	0
scaffold-3237	0
scaffold-3240	0
scaffold-3241	0
scaffold-3243	0
scaffold-3245	0
scaffold-3249	0
scaffold-3255	0
scaffold-3256	0
scaffold-3258	0
scaffold-3262	0
scaffold-3265	0
scaffold-3266	0
scaffold-3268	0
scaffold-3281	0
scaffold-3292	0
scaffold-33	0
scaffold-3317	0
scaffold-3323	0
scaffold-3326	0
scaffold-3327	0
scaffold-3328	0
scaffold-3329	0
scaffold-3330	0
scaffold-3333	0
scaffold-3334	0
scaffold-3336	0
scaffold-3338	0
scaffold-3341	0
scaffold-3342	0
scaffold-3343	0
scaffold-3344	0
scaffold-3345	0
scaffold-3346	0
scaffold-3348	0
scaffold-335	0
scaffold-3350	0
scaffold-3351	0
scaffold-3368	0
scaffold-337	0
scaffold-3376	0
scaffold-3378	0
scaffold-3381	0
scaffold-3384	0
scaffold-3388	0
scaffold-339	0
scaffold-3391	0
scaffold-3395	0
scaffold-3396	0
scaffold-3397	0
scaffold-340	0
scaffold-3401	0
scaffold-3410	0
scaffold-3411	0
scaffold-3419	0
scaffold-3420	0
scaffold-3421	0
scaffold-3422	0
scaffold-3424	0
scaffold-3425	0
scaffold-3433	0
scaffold-3435	0
scaffold-3437	0
scaffold-3445	0
scaffold-3448	0
scaffold-3454	0
scaffold-3459	0
scaffold-3475	0
scaffold-3482	0
scaffold-3483	0
scaffold-3485	0
scaffold-3489	0
scaffold-3492	0
scaffold-3495	0
scaffold-35	0
scaffold-3502	0
scaffold-3506	0
scaffold-351	0
scaffold-3512	0
scaffold-3514	0
scaffold-3516	0
scaffold-3517	0
scaffold-3520	0
scaffold-3523	0
scaffold-3524	0
scaffold-353	0
scaffold-3534	0
scaffold-3535	0
scaffold-3536	0
scaffold-3537	0
scaffold-3538	0
scaffold-3540	0
scaffold-3545	0
scaffold-3546	0
scaffold-3547	0
scaffold-3549	0
scaffold-3554	0
scaffold-3559	0
scaffold-356	0
scaffold-3562	0
scaffold-3564	0
scaffold-3574	0
scaffold-3582	0
scaffold-3586	0
scaffold-3588	0
scaffold-36	0
scaffold-361	0
scaffold-3612	0
scaffold-3615	0
scaffold-3620	0
scaffold-3621	0
scaffold-3624	0
scaffold-3626	0
scaffold-3628	0
scaffold-3629	0
scaffold-3630	0
scaffold-3631	0
scaffold-3632	0
scaffold-3634	0
scaffold-3638	0
scaffold-3640	0
scaffold-3641	0
scaffold-3642	0
scaffold-3643	0
scaffold-3646	0
scaffold-3649	0
scaffold-365	0
scaffold-3653	0
scaffold-3654	0
scaffold-3663	0
scaffold-3665	0
scaffold-3667	0
scaffold-3668	0
scaffold-3680	0
scaffold-3681	0
scaffold-3682	0
scaffold-3683	0
scaffold-3684	0
scaffold-3685	0
scaffold-3686	0
scaffold-3687	0
scaffold-3688	0
scaffold-3690	0
scaffold-3692	0
scaffold-3697	0
scaffold-37	0
scaffold-3704	0
scaffold-3710	0
scaffold-3713	0
scaffold-3720	0
scaffold-3723	0
scaffold-3725	0
scaffold-3728	0
scaffold-3730	0
scaffold-3733	0
scaffold-3734	0
scaffold-3736	0
scaffold-3738	0
scaffold-3739	0
scaffold-3741	0
scaffold-3743	0
scaffold-3750	0
scaffold-3753	0
scaffold-3756	0
scaffold-3758	0
scaffold-3766	0
scaffold-3773	0
scaffold-3779	0
scaffold-3781	0
scaffold-379	0
scaffold-3794	0
scaffold-3797	0
scaffold-38	0
scaffold-3820	0
scaffold-3824	0
scaffold-383	0
scaffold-3834	0
scaffold-3845	0
scaffold-3846	0
scaffold-3847	0
scaffold-3848	0
scaffold-3849	0
scaffold-385	0
scaffold-3850	0
scaffold-3851	0
scaffold-3853	0
scaffold-3854	0
scaffold-3856	0
scaffold-3858	0
scaffold-3863	0
scaffold-3864	0
scaffold-3865	0
scaffold-3866	0
scaffold-3871	0
scaffold-3873	0
scaffold-3875	0
scaffold-3879	0
scaffold-3881	0
scaffold-3886	0
scaffold-3893	0
scaffold-3894	0
scaffold-3895	0
scaffold-3898	0
scaffold-39	0
scaffold-3900	0
scaffold-3903	0
scaffold-3912	0
scaffold-3918	0
scaffold-392	0
scaffold-3929	0
scaffold-3934	0
scaffold-3937	0
scaffold-3939	0
scaffold-3940	0
scaffold-3941	0
scaffold-3942	0
scaffold-3943	0
scaffold-3949	0
scaffold-3954	0
scaffold-3956	0
scaffold-3958	0
scaffold-3962	0
scaffold-3967	0
scaffold-3968	0
scaffold-3969	0
scaffold-3973	0
scaffold-3977	0
scaffold-398	0
scaffold-3981	0
scaffold-3984	0
scaffold-3986	0
scaffold-3989	0
scaffold-3990	0
scaffold-3992	0
scaffold-3996	0
scaffold-4	0
scaffold-40	0
scaffold-400	0
scaffold-4002	0
scaffold-4004	0
scaffold-4005	0
scaffold-4007	0
scaffold-4008	0
scaffold-4017	0
scaffold-4019	0
scaffold-4021	0
scaffold-4024	0
scaffold-4031	0
scaffold-4032	0
scaffold-4033	0
scaffold-4039	0
scaffold-4041	0
scaffold-4042	0
scaffold-4043	0
scaffold-4044	0
scaffold-4045	0
scaffold-4048	0
scaffold-4049	0
scaffold-4053	0
scaffold-4058	0
scaffold-4059	0
scaffold-4060	0
scaffold-4062	0
scaffold-4071	0
scaffold-4073	0
scaffold-4077	0
scaffold-4079	0
scaffold-4088	0
scaffold-409	0
scaffold-4096	0
scaffold-4098	0
scaffold-41	0
scaffold-4103	0
scaffold-4104	0
scaffold-4108	0
scaffold-4117	0
scaffold-4119	0
scaffold-4122	0
scaffold-4123	0
scaffold-4127	0
scaffold-4145	0
scaffold-4151	0
scaffold-4152	0
scaffold-4153	0
scaffold-4155	0
scaffold-4157	0
scaffold-4162	0
scaffold-4163	0
scaffold-4164	0
scaffold-4166	0
scaffold-4174	0
scaffold-4177	0
scaffold-4178	0
scaffold-4180	0
scaffold-4184	0
scaffold-4186	0
scaffold-4188	0
scaffold-42	0
scaffold-420	0
scaffold-4200	0
scaffold-4205	0
scaffold-421	0
scaffold-4214	0
scaffold-4217	0
scaffold-4218	0
scaffold-4219	0
scaffold-4220	0
scaffold-4221	0
scaffold-4222	0
scaffold-4223	0
scaffold-4224	0
scaffold-4225	0
scaffold-4226	0
scaffold-4227	0
scaffold-4230	0
scaffold-4231	0
scaffold-4239	0
scaffold-4240	0
scaffold-4241	0
scaffold-4244	0
scaffold-4245	0
scaffold-4255	0
scaffold-4257	0
scaffold-4265	0
scaffold-4269	0
scaffold-4271	0
scaffold-4275	0
scaffold-428	0
scaffold-4282	0
scaffold-4285	0
scaffold-4286	0
scaffold-4290	0
scaffold-4293	0
scaffold-4298	0
scaffold-43	0
scaffold-430	0
scaffold-4305	0
scaffold-4315	0
scaffold-4316	0
scaffold-4317	0
scaffold-4318	0
scaffold-4319	0
scaffold-4321	0
scaffold-4322	0
scaffold-4324	0
scaffold-4326	0
scaffold-4331	0
scaffold-4335	0
scaffold-4336	0
scaffold-4338	0
scaffold-4341	0
scaffold-4346	0
scaffold-4348	0
scaffold-4354	0
scaffold-4356	0
scaffold-4361	0
scaffold-4363	0
scaffold-4364	0
scaffold-4365	0
scaffold-4366	0
scaffold-4375	0
scaffold-4379	0
scaffold-4381	0
scaffold-4383	0
scaffold-4384	0
scaffold-4385	0
scaffold-4387	0
scaffold-4388	0
scaffold-4389	0
scaffold-4393	0
scaffold-4395	0
scaffold-4396	0
scaffold-4398	0
scaffold-44	0
scaffold-4401	0
scaffold-4404	0
scaffold-4406	0
scaffold-4407	0
scaffold-4410	0
scaffold-4413	0
scaffold-4414	0
scaffold-4417	0
scaffold-4420	0
scaffold-4421	0
scaffold-4433	0
scaffold-4434	0
scaffold-4437	0
scaffold-4439	0
scaffold-4440	0
scaffold-4443	0
scaffold-4448	0
scaffold-4450	0
scaffold-4458	0
scaffold-4463	0
scaffold-4464	0
scaffold-4467	0
scaffold-4468	0
scaffold-447	0
scaffold-4472	0
scaffold-4475	0
scaffold-4479	0
scaffold-4482	0
scaffold-4489	0
scaffold-449	0
scaffold-4491	0
scaffold-4494	0
scaffold-4497	0
scaffold-45	0
scaffold-4501	0
scaffold-451	0
scaffold-4513	0
scaffold-4520	0
scaffold-4521	0
scaffold-4522	0
scaffold-4524	0
scaffold-4525	0
scaffold-4528	0
scaffold-4532	0
scaffold-4533	0
scaffold-4534	0
scaffold-4535	0
scaffold-4539	0
scaffold-4541	0
scaffold-4554	0
scaffold-4555	0
scaffold-4568	0
scaffold-4569	0
scaffold-4575	0
scaffold-4587	0
scaffold-4589	0
scaffold-4592	0
scaffold-4593	0
scaffold-46	0
scaffold-4602	0
scaffold-4603	0
scaffold-4605	0
scaffold-4609	0
scaffold-461	0
scaffold-4611	0
scaffold-4614	0
scaffold-4615	0
scaffold-4616	0
scaffold-4620	0
scaffold-4621	0
scaffold-4623	0
scaffold-4635	0
scaffold-464	0
scaffold-4641	0
scaffold-4643	0
scaffold-4644	0
scaffold-4645	0
scaffold-4646	0
scaffold-4649	0
scaffold-465	0
scaffold-4652	0
scaffold-4655	0
scaffold-4658	0
scaffold-4664	0
scaffold-468	0
scaffold-4693	0
scaffold-4695	0
scaffold-4696	0
scaffold-4697	0
scaffold-4698	0
scaffold-4699	0
scaffold-47	0
scaffold-4700	0
scaffold-4701	0
scaffold-4702	0
scaffold-4706	0
scaffold-4722	0
scaffold-474	0
scaffold-4742	0
scaffold-4746	0
scaffold-4747	0
scaffold-4748	0
scaffold-4751	0
scaffold-4753	0
scaffold-4756	0
scaffold-4759	0
scaffold-4762	0
scaffold-4764	0
scaffold-4779	0
scaffold-4780	0
scaffold-4784	0
scaffold-4786	0
scaffold-48	0
scaffold-4805	0
scaffold-4806	0
scaffold-481	0
scaffold-4810	0
scaffold-4811	0
scaffold-4818	0
scaffold-4819	0
scaffold-4824	0
scaffold-4825	0
scaffold-4828	0
scaffold-4829	0
scaffold-483	0
scaffold-4846	0
scaffold-4847	0
scaffold-4849	0
scaffold-4852	0
scaffold-4853	0
scaffold-486	0
scaffold-4860	0
scaffold-4862	0
scaffold-4873	0
scaffold-4874	0
scaffold-4875	0
scaffold-4883	0
scaffold-49	0
scaffold-490	0
scaffold-4902	0
scaffold-4913	0
scaffold-4914	0
scaffold-4922	0
scaffold-4923	0
scaffold-4925	0
scaffold-4927	0
scaffold-4931	0
scaffold-4937	0
scaffold-4940	0
scaffold-4944	0
scaffold-4949	0
scaffold-4955	0
scaffold-4962	0
scaffold-4963	0
scaffold-4964	0
scaffold-4965	0
scaffold-4966	0
scaffold-4967	0
scaffold-4968	0
scaffold-497	0
scaffold-4974	0
scaffold-4975	0
scaffold-4978	0
scaffold-4987	0
scaffold-4996	0
scaffold-4998	0
scaffold-4999	0
scaffold-5	0
scaffold-50	0
scaffold-5003	0
scaffold-5008	0
scaffold-5011	0
scaffold-5012	0
scaffold-5013	0
scaffold-5014	0
scaffold-5038	0
scaffold-5042	0
scaffold-5047	0
scaffold-5051	0
scaffold-5054	0
scaffold-5061	0
scaffold-5062	0
scaffold-5068	0
scaffold-5069	0
scaffold-5073	0
scaffold-5078	0
scaffold-5082	0
scaffold-5083	0
scaffold-5084	0
scaffold-5085	0
scaffold-5086	0
scaffold-5093	0
scaffold-51	0
scaffold-5101	0
scaffold-5102	0
scaffold-5103	0
scaffold-5104	0
scaffold-5105	0
scaffold-5106	0
scaffold-5107	0
scaffold-5108	0
scaffold-5109	0
scaffold-5110	0
scaffold-5111	0
scaffold-5112	0
scaffold-5114	0
scaffold-5115	0
scaffold-5116	0
scaffold-5119	0
scaffold-5122	0
scaffold-515	0
scaffold-5152	0
scaffold-5157	0
scaffold-5160	0
scaffold-5168	0
scaffold-517	0
scaffold-5171	0
scaffold-5172	0
scaffold-5173	0
scaffold-5184	0
scaffold-5187	0
scaffold-5190	0
scaffold-5191	0
scaffold-52	0
scaffold-5205	0
scaffold-5206	0
scaffold-5207	0
scaffold-5216	0
scaffold-5218	0
scaffold-522	0
scaffold-5220	0
scaffold-5224	0
scaffold-5225	0
scaffold-5226	0
scaffold-5227	0
scaffold-5228	0
scaffold-523	0
scaffold-5234	0
scaffold-5254	0
scaffold-5255	0
scaffold-5269	0
scaffold-5284	0
scaffold-529	0
scaffold-5291	0
scaffold-5293	0
scaffold-5296	0
scaffold-53	0
scaffold-5301	0
scaffold-531	0
scaffold-5317	0
scaffold-532	0
scaffold-5326	0
scaffold-5327	0
scaffold-5331	0
scaffold-5332	0
scaffold-5333	0
scaffold-5334	0
scaffold-5335	0
scaffold-5336	0
scaffold-5337	0
scaffold-5338	0
scaffold-5339	0
scaffold-5348	0
scaffold-5349	0
scaffold-5350	0
scaffold-5354	0
scaffold-5359	0
scaffold-5360	0
scaffold-5362	0
scaffold-5363	0
scaffold-5364	0
scaffold-5368	0
scaffold-5369	0
scaffold-5371	0
scaffold-5375	0
scaffold-5376	0
scaffold-5398	0
scaffold-54	0
scaffold-5403	0
scaffold-5411	0
scaffold-542	0
scaffold-5425	0
scaffold-5426	0
scaffold-5428	0
scaffold-5435	0
scaffold-5437	0
scaffold-5438	0
scaffold-5439	0
scaffold-5440	0
scaffold-5441	0
scaffold-5445	0
scaffold-5446	0
scaffold-5448	0
scaffold-5450	0
scaffold-5454	0
scaffold-5456	0
scaffold-546	0
scaffold-547	0
scaffold-5471	0
scaffold-5475	0
scaffold-5476	0
scaffold-5477	0
scaffold-5482	0
scaffold-5489	0
scaffold-5490	0
scaffold-5491	0
scaffold-5492	0
scaffold-5493	0
scaffold-5494	0
scaffold-5495	0
scaffold-5496	0
scaffold-5497	0
scaffold-5499	0
scaffold-55	0
scaffold-5507	0
scaffold-5521	0
scaffold-5522	0
scaffold-5523	0
scaffold-5526	0
scaffold-5527	0
scaffold-5528	0
scaffold-5529	0
scaffold-5530	0
scaffold-5531	0
scaffold-5533	0
scaffold-5534	0
scaffold-5535	0
scaffold-554	0
scaffold-5548	0
scaffold-5550	0
scaffold-5553	0
scaffold-5555	0
scaffold-5556	0
scaffold-5560	0
scaffold-5561	0
scaffold-5562	0
scaffold-5565	0
scaffold-5566	0
scaffold-5568	0
scaffold-5569	0
scaffold-5570	0
scaffold-5571	0
scaffold-5572	0
scaffold-5579	0
scaffold-5586	0
scaffold-5593	0
scaffold-56	0
scaffold-5607	0
scaffold-5608	0
scaffold-5617	0
scaffold-5618	0
scaffold-5619	0
scaffold-5620	0
scaffold-5621	0
scaffold-5622	0
scaffold-5624	0
scaffold-5625	0
scaffold-5626	0
scaffold-5627	0
scaffold-5632	0
scaffold-5635	0
scaffold-5637	0
scaffold-5644	0
scaffold-5650	0
scaffold-5653	0
scaffold-5655	0
scaffold-5659	0
scaffold-566	0
scaffold-5661	0
scaffold-5670	0
scaffold-5671	0
scaffold-5676	0
scaffold-5677	0
scaffold-5680	0
scaffold-5682	0
scaffold-5684	0
scaffold-5689	0
scaffold-5690	0
scaffold-5695	0
scaffold-5697	0
scaffold-5698	0
scaffold-5699	0
scaffold-57	0
scaffold-5711	0
scaffold-5713	0
scaffold-5714	0
scaffold-5717	0
scaffold-5719	0
scaffold-5722	0
scaffold-5725	0
scaffold-5728	0
scaffold-5730	0
scaffold-5735	0
scaffold-5739	0
scaffold-5740	0
scaffold-5741	0
scaffold-5742	0
scaffold-5743	0
scaffold-5749	0
scaffold-5750	0
scaffold-5751	0
scaffold-5757	0
scaffold-5758	0
scaffold-5759	0
scaffold-576	0
scaffold-5760	0
scaffold-5761	0
scaffold-5762	0
scaffold-5769	0
scaffold-577	0
scaffold-5770	0
scaffold-5773	0
scaffold-578	0
scaffold-5782	0
scaffold-5791	0
scaffold-5794	0
scaffold-5795	0
scaffold-5797	0
scaffold-58	0
scaffold-5809	0
scaffold-5810	0
scaffold-5812	0
scaffold-5813	0
scaffold-5816	0
scaffold-5819	0
scaffold-5827	0
scaffold-5831	0
scaffold-5835	0
scaffold-5836	0
scaffold-5837	0
scaffold-5847	0
scaffold-5852	0
scaffold-5855	0
scaffold-5859	0
scaffold-5864	0
scaffold-5868	0
scaffold-5869	0
scaffold-5871	0
scaffold-5877	0
scaffold-5884	0
scaffold-5885	0
scaffold-5888	0
scaffold-5894	0
scaffold-5895	0
scaffold-59	0
scaffold-5903	0
scaffold-5904	0
scaffold-5905	0
scaffold-5908	0
scaffold-5909	0
scaffold-5924	0
scaffold-5928	0
scaffold-5931	0
scaffold-5935	0
scaffold-5956	0
scaffold-5958	0
scaffold-5959	0
scaffold-5962	0
scaffold-5967	0
scaffold-5971	0
scaffold-5974	0
scaffold-5981	0
scaffold-5982	0
scaffold-5990	0
scaffold-5991	0
scaffold-5992	0
scaffold-6	0
scaffold-60	0
scaffold-6009	0
scaffold-6010	0
scaffold-6011	0
scaffold-6012	0
scaffold-6013	0
scaffold-6014	0
scaffold-6015	0
scaffold-6016	0
scaffold-6017	0
scaffold-6021	0
scaffold-6022	0
scaffold-6032	0
scaffold-6037	0
scaffold-6038	0
scaffold-6039	0
scaffold-604	0
scaffold-6042	0
scaffold-6048	0
scaffold-6056	0
scaffold-6057	0
scaffold-6058	0
scaffold-6059	0
scaffold-606	0
scaffold-6060	0
scaffold-6061	0
scaffold-6062	0
scaffold-6063	0
scaffold-6065	0
scaffold-6066	0
scaffold-6070	0
scaffold-6077	0
scaffold-6083	0
scaffold-6086	0
scaffold-609	0
scaffold-6092	0
scaffold-6093	0
scaffold-6094	0
scaffold-6095	0
scaffold-6097	0
scaffold-6098	0
scaffold-6099	0
scaffold-61	0
scaffold-6102	0
scaffold-6109	0
scaffold-611	0
scaffold-6123	0
scaffold-6124	0
scaffold-6125	0
scaffold-6126	0
scaffold-6128	0
scaffold-6129	0
scaffold-6139	0
scaffold-6146	0
scaffold-6148	0
scaffold-6152	0
scaffold-6157	0
scaffold-6158	0
scaffold-6161	0
scaffold-6163	0
scaffold-6164	0
scaffold-6174	0
scaffold-6175	0
scaffold-6176	0
scaffold-6177	0
scaffold-6179	0
scaffold-6181	0
scaffold-6183	0
scaffold-6187	0
scaffold-619	0
scaffold-6190	0
scaffold-6191	0
scaffold-6195	0
scaffold-6199	0
scaffold-62	0
scaffold-6202	0
scaffold-6203	0
scaffold-6206	0
scaffold-6220	0
scaffold-6225	0
scaffold-623	0
scaffold-6233	0
scaffold-6256	0
scaffold-6257	0
scaffold-6258	0
scaffold-626	0
scaffold-6262	0
scaffold-6273	0
scaffold-6274	0
scaffold-6275	0
scaffold-6276	0
scaffold-6285	0
scaffold-6288	0
scaffold-6292	0
scaffold-6294	0
scaffold-6298	0
scaffold-63	0
scaffold-6302	0
scaffold-6307	0
scaffold-6308	0
scaffold-631	0
scaffold-6316	0
scaffold-6326	0
scaffold-6331	0
scaffold-6351	0
scaffold-6358	0
scaffold-636	0
scaffold-6368	0
scaffold-6372	0
scaffold-6373	0
scaffold-6374	0
scaffold-6381	0
scaffold-6383	0
scaffold-6386	0
scaffold-639	0
scaffold-6394	0
scaffold-6395	0
scaffold-6396	0
scaffold-64	0
scaffold-6405	0
scaffold-6407	0
scaffold-6412	0
scaffold-6416	0
scaffold-6424	0
scaffold-6430	0
scaffold-6432	0
scaffold-6435	0
scaffold-6442	0
scaffold-6447	0
scaffold-645	0
scaffold-6458	0
scaffold-6459	0
scaffold-6473	0
scaffold-6478	0
scaffold-6479	0
scaffold-6480	0
scaffold-6483	0
scaffold-6487	0
scaffold-6497	0
scaffold-6498	0
scaffold-65	0
scaffold-6500	0
scaffold-6502	0
scaffold-6503	0
scaffold-6507	0
scaffold-6517	0
scaffold-6524	0
scaffold-6525	0
scaffold-6535	0
scaffold-6536	0
scaffold-6537	0
scaffold-6538	0
scaffold-6540	0
scaffold-6541	0
scaffold-6542	0
scaffold-655	0
scaffold-6551	0
scaffold-6552	0
scaffold-6555	0
scaffold-656	0
scaffold-6573	0
scaffold-6575	0
scaffold-6587	0
scaffold-6588	0
scaffold-6589	0
scaffold-6590	0
scaffold-6594	0
scaffold-66	0
scaffold-6605	0
scaffold-661	0
scaffold-6619	0
scaffold-662	0
scaffold-6620	0
scaffold-6621	0
scaffold-6622	0
scaffold-6623	0
scaffold-6624	0
scaffold-6625	0
scaffold-6626	0
scaffold-6627	0
scaffold-6628	0
scaffold-6629	0
scaffold-6630	0
scaffold-6631	0
scaffold-6632	0
scaffold-6637	0
scaffold-6643	0
scaffold-6652	0
scaffold-6669	0
scaffold-6677	0
scaffold-6678	0
scaffold-6679	0
scaffold-6682	0
scaffold-6691	0
scaffold-6692	0
scaffold-6693	0
scaffold-6697	0
scaffold-6699	0
scaffold-67	0
scaffold-6705	0
scaffold-6710	0
scaffold-6723	0
scaffold-6727	0
scaffold-6741	0
scaffold-6746	0
scaffold-6758	0
scaffold-6759	0
scaffold-6760	0
scaffold-6761	0
scaffold-6762	0
scaffold-6763	0
scaffold-6771	0
scaffold-6780	0
scaffold-6787	0
scaffold-6797	0
scaffold-68	0
scaffold-6804	0
scaffold-6807	0
scaffold-6808	0
scaffold-6809	0
scaffold-6810	0
scaffold-6814	0
scaffold-6816	0
scaffold-6819	0
scaffold-6828	0
scaffold-6836	0
scaffold-6847	0
scaffold-6858	0
scaffold-6859	0
scaffold-6860	0
scaffold-6861	0
scaffold-6862	0
scaffold-6863	0
scaffold-6864	0
scaffold-6865	0
scaffold-6866	0
scaffold-6868	0
scaffold-6869	0
scaffold-6873	0
scaffold-6883	0
scaffold-6885	0
scaffold-689	0
scaffold-6892	0
scaffold-6893	0
scaffold-6894	0
scaffold-6895	0
scaffold-6896	0
scaffold-6899	0
scaffold-69	0
scaffold-6900	0
scaffold-6907	0
scaffold-6908	0
scaffold-6909	0
scaffold-6910	0
scaffold-6911	0
scaffold-6913	0
scaffold-6926	0
scaffold-6945	0
scaffold-6946	0
scaffold-6947	0
scaffold-6948	0
scaffold-6949	0
scaffold-6950	0
scaffold-6952	0
scaffold-696	0
scaffold-6961	0
scaffold-6962	0
scaffold-6963	0
scaffold-6968	0
scaffold-6969	0
scaffold-6970	0
scaffold-6972	0
scaffold-6985	0
scaffold-6986	0
scaffold-6987	0
scaffold-6988	0
scaffold-7	0
scaffold-70	0
scaffold-700	0
scaffold-7002	0
scaffold-7008	0
scaffold-7009	0
scaffold-7010	0
scaffold-7020	0
scaffold-7021	0
scaffold-7026	0
scaffold-7034	0
scaffold-7035	0
scaffold-7036	0
scaffold-7037	0
scaffold-704	0
scaffold-7040	0
scaffold-7042	0
scaffold-7045	0
scaffold-7052	0
scaffold-7054	0
scaffold-706	0
scaffold-7067	0
scaffold-7069	0
scaffold-7076	0
scaffold-7077	0
scaffold-7080	0
scaffold-7083	0
scaffold-7085	0
scaffold-71	0
scaffold-7106	0
scaffold-7107	0
scaffold-7108	0
scaffold-7109	0
scaffold-712	0
scaffold-7121	0
scaffold-7129	0
scaffold-713	0
scaffold-7130	0
scaffold-7131	0
scaffold-7133	0
scaffold-7141	0
scaffold-7142	0
scaffold-7145	0
scaffold-7146	0
scaffold-7149	0
scaffold-7151	0
scaffold-7166	0
scaffold-7172	0
scaffold-7173	0
scaffold-7176	0
scaffold-7178	0
scaffold-7184	0
scaffold-7197	0
scaffold-7198	0
scaffold-7199	0
scaffold-72	0
scaffold-7200	0
scaffold-7202	0
scaffold-7205	0
scaffold-7207	0
scaffold-7208	0
scaffold-7214	0
scaffold-7224	0
scaffold-7225	0
scaffold-7226	0
scaffold-7227	0
scaffold-7228	0
scaffold-723	0
scaffold-7240	0
scaffold-7241	0
scaffold-7242	0
scaffold-7246	0
scaffold-725	0
scaffold-7255	0
scaffold-7256	0
scaffold-7257	0
scaffold-7276	0
scaffold-7289	0
scaffold-7290	0
scaffold-73	0
scaffold-7303	0
scaffold-7304	0
scaffold-7305	0
scaffold-7308	0
scaffold-7310	0
scaffold-7311	0
scaffold-7312	0
scaffold-7313	0
scaffold-7320	0
scaffold-733	0
scaffold-7339	0
scaffold-7340	0
scaffold-7341	0
scaffold-7342	0
scaffold-7354	0
scaffold-7355	0
scaffold-7356	0
scaffold-7358	0
scaffold-7359	0
scaffold-7382	0
scaffold-7384	0
scaffold-7385	0
scaffold-7386	0
scaffold-7387	0
scaffold-7395	0
scaffold-7396	0
scaffold-74	0
scaffold-741	0
scaffold-7413	0
scaffold-7414	0
scaffold-7415	0
scaffold-7416	0
scaffold-7417	0
scaffold-7419	0
scaffold-742	0
scaffold-743	0
scaffold-7432	0
scaffold-7443	0
scaffold-7447	0
scaffold-7455	0
scaffold-7456	0
scaffold-7457	0
scaffold-7462	0
scaffold-747	0
scaffold-7470	0
scaffold-7484	0
scaffold-7486	0
scaffold-75	0
scaffold-7501	0
scaffold-7502	0
scaffold-7503	0
scaffold-7504	0
scaffold-7515	0
scaffold-7518	0
scaffold-7534	0
scaffold-7535	0
scaffold-7536	0
scaffold-7544	0
scaffold-7545	0
scaffold-7546	0
scaffold-7547	0
scaffold-7549	0
scaffold-7568	0
scaffold-7581	0
scaffold-7582	0
scaffold-7583	0
scaffold-7599	0
scaffold-76	0
scaffold-7600	0
scaffold-7601	0
scaffold-7603	0
scaffold-7605	0
scaffold-762	0
scaffold-7622	0
scaffold-7623	0
scaffold-7624	0
scaffold-7636	0
scaffold-7643	0
scaffold-7644	0
scaffold-7645	0
scaffold-7658	0
scaffold-7659	0
scaffold-766	0
scaffold-7677	0
scaffold-7678	0
scaffold-7679	0
scaffold-7680	0
scaffold-7690	0
scaffold-7691	0
scaffold-7692	0
scaffold-77	0
scaffold-7705	0
scaffold-7706	0
scaffold-771	0
scaffold-774	0
scaffold-78	0
scaffold-780	0
scaffold-781	0
scaffold-789	0
scaffold-79	0
scaffold-8	0
scaffold-80	0
scaffold-804	0
scaffold-81	0
scaffold-82	0
scaffold-825	0
scaffold-826	0
scaffold-827	0
scaffold-829	0
scaffold-83	0
scaffold-84	0
scaffold-841	0
scaffold-845	0
scaffold-851	0
scaffold-863	0
scaffold-870	0
scaffold-873	0
scaffold-885	0
scaffold-886	0
scaffold-889	0
scaffold-891	0
scaffold-893	0
scaffold-897	0
scaffold-898	0
scaffold-9	0
scaffold-910	0
scaffold-911	0
scaffold-919	0
scaffold-932	0
scaffold-940	0
scaffold-944	0
scaffold-945	0
scaffold-956	0
scaffold-957	0
scaffold-965	0
scaffold-975	0
scaffold-991	0
scaffold-992	0
scaffold-993	0
scaffold-999	0
